// Vitest Snapshot v1, https://vitest.dev/guide/snapshot.html

exports[`ethereumXcm > transact > should be correct config 1`] = `
ExtrinsicConfig {
  "func": "transact",
  "getArgs": [Function],
  "module": "ethereumXcm",
}
`;

exports[`ethereumXcm > transact > should get correct arguments 1`] = `
[
  {
    "V2": {
      "action": {
        "Call": "0x0000000000000000000000000000000000000808",
      },
      "gasLimit": 999999n,
      "input": "0x96e292b8000000000000000000000000000000000000000000000000000000000000008000000000000000000000000000000000000000000000000000000000000000e000000000000000000000000000000000000000000000000000000000000001400000000000000000000000000000000000000000000000000000000000000320000000000000000000000000000000000000000000000000000000000000000200000000000000000000000098891e5fd24ef33a488a47101f65d212ff6e650e0000000000000000000000009563a59c15842a6f322b10f69d1dd88b41f2e97b0000000000000000000000000000000000000000000000000000000000000002000000000000000000000000000000000000000000000000000000000000000000000000000000000000000000000000000000000000000000000000000000000000000000000000000000000000000000000000000000000000000000000002000000000000000000000000000000000000000000000000000000000000004000000000000000000000000000000000000000000000000000000000000000c00000000000000000000000000000000000000000000000000000000000000044095ea7b30000000000000000000000009563a59c15842a6f322b10f69d1dd88b41f2e97b000000000000000000000000000000000000000000000000000000170cdc1e000000000000000000000000000000000000000000000000000000000000000000000000000000000000000000000000000000000000000000000000c41019d65400000000000000000000000098891e5fd24ef33a488a47101f65d212ff6e650e000000000000000000000000000000000000000000000000000000170cdc1e0000000000000000000000000000000000000000000000000000000000000000000000000000000000000000000000000000000000000000000000000000000010000000000000000000000000eF46c7649270C912704fB09B75097f6E32208b850000000000000000000000000000000000000000000000000000000000000000000000000000000000000000000000000000000000000000000000000000000000000000000000000000000000000000000000000000000000000000",
      "value": 0,
    },
  },
]
`;
